../Core/Src/main.c:110:5:main	8	static
../Core/Src/main.c:187:6:SystemClock_Config	96	static
../Core/Src/main.c:237:13:MX_TIM2_Init	40	static
../Core/Src/main.c:282:13:MX_GPIO_Init	48	static
../Core/Src/main.c:334:6:HAL_TIM_PeriodElapsedCallback	16	static
../Core/Src/main.c:442:5:Func_ESTADO_ERROR	8	static
../Core/Src/main.c:457:5:Func_ESTADO_ABIERTO	4	static
../Core/Src/main.c:475:5:Func_ESTADO_CERRADO	4	static
../Core/Src/main.c:492:5:Func_ESTADO_ABRIENDO	4	static
../Core/Src/main.c:510:5:Func_ESTADO_CERRANDO	4	static
../Core/Src/main.c:530:5:Func_ESTADO_INTERMEDIO	4	static
../Core/Src/main.c:553:5:Func_ESTADO_INIT	4	static
../Core/Src/main.c:592:6:Error_Handler	4	static,ignoring_inline_asm
